[20260820 08:00:02] START   Next Observed Daily Reports V4
[20260820 08:00:02] CONFIG  Python: C:\Program Files\Python313\python.exe
[20260820 08:00:02] CONFIG  Script: \\cscso1fsappv01\home\jaskew\HTOC\notebooks\observationEventForecasting\NextObservedIndicatorV4\next_observed_daily_reports_v4.py
[20260820 08:00:02] RUN     Connecting data share...
SHARE_OK \\cscso1fsappv01\data\HTOC
[20260820 08:00:02] CHECK   Data share OK (\\cscso1fsappv01\data\HTOC)
[20260820 08:00:05] RUN     Launching next_observed_daily_reports_v4.py...
 
---- script output ---- 
DATA_PATH=\\cscso1fsappv01\data\HTOC\JA\NextObserveV4Test
SAVE_PATH=\\cscso1fsappv01\data\HTOC\JA\NextObserveV4Test\Full Daily Reports
today=20260820
loaded \\cscso1fsappv01\data\HTOC\JA\NextObserveV4Test\CDC\CDC_output_20260820.csv (224 rows)
loaded \\cscso1fsappv01\data\HTOC\JA\NextObserveV4Test\CMS\CMS_output_20260820.csv (1204 rows)
loaded \\cscso1fsappv01\data\HTOC\JA\NextObserveV4Test\DHA\DHA_output_20260820.csv (752 rows)
loaded \\cscso1fsappv01\data\HTOC\JA\NextObserveV4Test\FDA\FDA_output_20260820.csv (470 rows)
loaded \\cscso1fsappv01\data\HTOC\JA\NextObserveV4Test\HHS\HHS_output_20260820.csv (1489 rows)
loaded \\cscso1fsappv01\data\HTOC\JA\NextObserveV4Test\HRSA\HRSA_output_20260820.csv (4640 rows)
loaded \\cscso1fsappv01\data\HTOC\JA\NextObserveV4Test\IHS\IHS_output_20260820.csv (1107 rows)
loaded \\cscso1fsappv01\data\HTOC\JA\NextObserveV4Test\NIH\NIH_output_20260820.csv (3614 rows)
loaded \\cscso1fsappv01\data\HTOC\JA\NextObserveV4Test\OS\OS_output_20260820.csv (1436 rows)
loaded \\cscso1fsappv01\data\HTOC\JA\NextObserveV4Test\VA\VA_output_20260820.csv (2270 rows)
Saved to \\cscso1fsappv01\data\HTOC\JA\NextObserveV4Test\Full Daily Reports\full_daily_report_20260820.csv (17206 rows)
PIPELINE_OK
[PERF 2026-08-20 08:00:07] INFO: starting performance evaluation
PERF SUMMARY  Horizon=1-Day  Eval=20260820  Forecast=20260819  UniqueIndicators=7824  Pairs=17166  Decided=14920  Coverage=86.92%
  Accuracy=96.13%  Precision=90.42%  Recall=90.54%  F1=90.48%
  HIGH band: TP=2746/3037  FP=291  FN=287
  LOW  band: TN=11596/11883  FP=287  Neg Precision=97.58%
[PERF 2026-08-20 08:00:09] WARNING: forecast daily report missing: \\cscso1fsappv01\data\HTOC\JA\NextObserveV4Test\Full Daily Reports\full_daily_report_20260813.csv
[PERF 2026-08-20 08:00:09] WARNING: forecast daily report missing: \\cscso1fsappv01\data\HTOC\JA\NextObserveV4Test\Full Daily Reports\full_daily_report_20260806.csv
[PERF 2026-08-20 08:00:09] WARNING: forecast daily report missing: \\cscso1fsappv01\data\HTOC\JA\NextObserveV4Test\Full Daily Reports\full_daily_report_20260721.csv
[PERF 2026-08-20 08:00:09] WARNING: forecast daily report missing: \\cscso1fsappv01\data\HTOC\JA\NextObserveV4Test\Full Daily Reports\full_daily_report_20260706.csv
[PERF 2026-08-20 08:00:09] INFO: evaluation finished successfully
---- end output ---- 
[20260820 08:00:09] SUCCESS Report confirmed: \\cscso1fsappv01\data\HTOC\JA\NextObserveV4Test\Full Daily Reports\full_daily_report_20260820.csv
