[20260824 07:30:03] START   NextObservedIndicatorV4.0
[20260824 07:30:03] CONFIG  Python: C:\Program Files\Python313\python.exe
[20260824 07:30:03] CONFIG  Script: \\cscso1fsappv01\home\jaskew\HTOC\notebooks\observationEventForecasting\NextObservedIndicatorV4\NextObservedIndicatorV4.0.py
[20260824 07:30:03] CONFIG  Save:   \\cscso1fsappv01\data\HTOC\JA\NextObserveV4Test
[20260824 07:30:03] CONFIG  Log:    \\cscso1fsappv01\home\jaskew\HTOC\notebooks\observationEventForecasting\NextObservedIndicatorV4\logs\noi_v4_20260824_073003.log
[20260824 07:30:03] RUN     Connecting data share...
SHARE_OK \\cscso1fsappv01\data\HTOC
[20260824 07:30:03] CHECK   Data share OK (\\cscso1fsappv01\data\HTOC)
[20260824 07:30:03] RUN     Installing packages...
Looking in links: \\cscso1fsappv01\data\HTOC\JA\wheelhouse
Requirement already satisfied: pandas in c:\users\jaskew\appdata\roaming\python\python313\site-packages (2.3.0)
Requirement already satisfied: numpy in c:\users\jaskew\appdata\roaming\python\python313\site-packages (2.3.1)
Requirement already satisfied: scikit-learn in c:\users\jaskew\appdata\roaming\python\python313\site-packages (1.7.0)
Requirement already satisfied: openpyxl in c:\users\jaskew\appdata\roaming\python\python313\site-packages (3.1.5)
Requirement already satisfied: python-dateutil>=2.8.2 in c:\users\jaskew\appdata\roaming\python\python313\site-packages (from pandas) (2.9.0.post0)
Requirement already satisfied: pytz>=2020.1 in c:\users\jaskew\appdata\roaming\python\python313\site-packages (from pandas) (2025.2)
Requirement already satisfied: tzdata>=2022.7 in c:\users\jaskew\appdata\roaming\python\python313\site-packages (from pandas) (2025.2)
Requirement already satisfied: scipy>=1.8.0 in c:\users\jaskew\appdata\roaming\python\python313\site-packages (from scikit-learn) (1.16.0)
Requirement already satisfied: joblib>=1.2.0 in c:\users\jaskew\appdata\roaming\python\python313\site-packages (from scikit-learn) (1.5.1)
Requirement already satisfied: threadpoolctl>=3.1.0 in c:\users\jaskew\appdata\roaming\python\python313\site-packages (from scikit-learn) (3.6.0)
Requirement already satisfied: et-xmlfile in c:\users\jaskew\appdata\roaming\python\python313\site-packages (from openpyxl) (2.0.0)
Requirement already satisfied: six>=1.5 in c:\users\jaskew\appdata\roaming\python\python313\site-packages (from python-dateutil>=2.8.2->pandas) (1.17.0)
[20260824 07:30:06] CHECK   Packages OK
[20260824 07:30:06] RUN     Launching NextObservedIndicatorV4.0.py...
 
---- script output ---- 
panel: 832,805 rows | 25,730 (opdiv,indicator) | 2026-01-16 -> 2026-08-24
training rows: 157,179 from 11 cutoffs (2026-04-26 -> 2026-07-05)
trained production model (all cutoffs)
scoring 17,330 indicators as-of 2026-08-24
OpDivs: ['CDC', 'CMS', 'DHA', 'FDA', 'HHS', 'HRSA', 'IHS', 'NIH', 'OS', 'VA']
                                      Indicator  ...       Confidence: 45-Day
0                                  64.62.156.15  ...  45-Day: Possibly active
1                                    65.49.1.82  ...   45-Day: Low confidence
2  geo.netsupportsoftware.com/location/loca.asp  ...  45-Day: Possibly active
3                                 64.62.156.108  ...    45-Day: Highly likely
4                                    65.49.1.61  ...  45-Day: Possibly active
5                                   65.49.1.108  ...    45-Day: Highly likely
6                                   65.49.1.202  ...   45-Day: Low confidence
7                                    65.49.1.10  ...  45-Day: Possibly active
8                                 64.62.156.117  ...    45-Day: Highly likely
9                                  64.62.156.82  ...    45-Day: Highly likely

[10 rows x 15 columns]
saved to \\cscso1fsappv01\data\HTOC\JA\NextObserveV4Test
Wrote 10 OpDiv files under \\cscso1fsappv01\data\HTOC\JA\NextObserveV4Test
[PERF 2026-08-24 07:31:24] INFO: starting post-forecast evaluation (stamp=20260824)
loaded \\cscso1fsappv01\data\HTOC\JA\NextObserveV4Test\CDC\CDC_output_20260824.csv (238 rows)
loaded \\cscso1fsappv01\data\HTOC\JA\NextObserveV4Test\CMS\CMS_output_20260824.csv (1216 rows)
loaded \\cscso1fsappv01\data\HTOC\JA\NextObserveV4Test\DHA\DHA_output_20260824.csv (750 rows)
loaded \\cscso1fsappv01\data\HTOC\JA\NextObserveV4Test\FDA\FDA_output_20260824.csv (473 rows)
loaded \\cscso1fsappv01\data\HTOC\JA\NextObserveV4Test\HHS\HHS_output_20260824.csv (1483 rows)
loaded \\cscso1fsappv01\data\HTOC\JA\NextObserveV4Test\HRSA\HRSA_output_20260824.csv (4644 rows)
loaded \\cscso1fsappv01\data\HTOC\JA\NextObserveV4Test\IHS\IHS_output_20260824.csv (1122 rows)
loaded \\cscso1fsappv01\data\HTOC\JA\NextObserveV4Test\NIH\NIH_output_20260824.csv (3613 rows)
loaded \\cscso1fsappv01\data\HTOC\JA\NextObserveV4Test\OS\OS_output_20260824.csv (1449 rows)
loaded \\cscso1fsappv01\data\HTOC\JA\NextObserveV4Test\VA\VA_output_20260824.csv (2342 rows)
Saved to \\cscso1fsappv01\data\HTOC\JA\NextObserveV4Test\Full Daily Reports\full_daily_report_20260824.csv (17330 rows)
[PERF 2026-08-24 07:31:25] INFO: consolidated daily report: \\cscso1fsappv01\data\HTOC\JA\NextObserveV4Test\Full Daily Reports\full_daily_report_20260824.csv
[PERF 2026-08-24 07:31:25] INFO: starting performance evaluation
PERF SUMMARY  Horizon=1-Day  Eval=20260824  Forecast=20260823  UniqueIndicators=7878  Pairs=17292  Decided=15757  Coverage=91.12%
  Accuracy=96.27%  Precision=92.97%  Recall(decided)=85.85%  Recall(all)=72.47%  F1=89.27%
  HIGH band: TP=2446/2631  FP=185  FN=403
  LOW  band: TN=12723/13126  FP=403  Neg Precision=96.93%
  POSS band: n=1535  EndedHigh=526  EndedLow=1009  EndedHighRate=34.27%  AvgProb=41.6%  (EndedHighAvg=50.74%, EndedLowAvg=36.83%)
PERF SUMMARY  Horizon=7-Day  Eval=20260824  Forecast=20260817  UniqueIndicators=7772  Pairs=17246  Decided=14240  Coverage=82.57%
  Accuracy=93.98%  Precision=97.96%  Recall(decided)=85.38%  Recall(all)=64.95%  F1=91.24%
  HIGH band: TP=4462/4555  FP=93  FN=764
  LOW  band: TN=8921/9685  FP=764  Neg Precision=92.11%
  POSS band: n=3006  EndedHigh=1644  EndedLow=1362  EndedHighRate=54.69%  AvgProb=47.45%  (EndedHighAvg=53.75%, EndedLowAvg=39.85%)
PERF SUMMARY  Horizon=14-Day  Eval=20260824  Forecast=20260810  UniqueIndicators=7645  Pairs=16973  Decided=13270  Coverage=78.18%
  Accuracy=91.7%  Precision=97.65%  Recall(decided)=82.2%  Recall(all)=60.44%  F1=89.26%
  HIGH band: TP=4576/4686  FP=110  FN=991
  LOW  band: TN=7593/8584  FP=991  Neg Precision=88.46%
  POSS band: n=3703  EndedHigh=2004  EndedLow=1699  EndedHighRate=54.12%  AvgProb=42.99%  (EndedHighAvg=47.71%, EndedLowAvg=37.44%)
[PERF 2026-08-24 07:31:28] WARNING: forecast daily report missing: \\cscso1fsappv01\data\HTOC\JA\NextObserveV4Test\Full Daily Reports\full_daily_report_20260725.csv
[PERF 2026-08-24 07:31:28] WARNING: forecast daily report missing: \\cscso1fsappv01\data\HTOC\JA\NextObserveV4Test\Full Daily Reports\full_daily_report_20260710.csv
[PERF 2026-08-24 07:31:28] INFO: evaluation finished successfully
PIPELINE_OK
---- end output ---- 
 
[20260824 07:31:29] SUCCESS Script completed successfully
[20260824 07:31:29] OUTPUT  Fresh CSV files: 11
