[20260822 07:30:03] START   NextObservedIndicatorV4.0
[20260822 07:30:03] CONFIG  Python: C:\Program Files\Python313\python.exe
[20260822 07:30:03] CONFIG  Script: \\cscso1fsappv01\home\jaskew\HTOC\notebooks\observationEventForecasting\NextObservedIndicatorV4\NextObservedIndicatorV4.0.py
[20260822 07:30:03] CONFIG  Save:   \\cscso1fsappv01\data\HTOC\JA\NextObserveV4Test
[20260822 07:30:03] CONFIG  Log:    \\cscso1fsappv01\home\jaskew\HTOC\notebooks\observationEventForecasting\NextObservedIndicatorV4\logs\noi_v4_20260822_073002.log
[20260822 07:30:03] RUN     Connecting data share...
SHARE_OK \\cscso1fsappv01\data\HTOC
[20260822 07:30:03] CHECK   Data share OK (\\cscso1fsappv01\data\HTOC)
[20260822 07:30:03] RUN     Installing packages...
Looking in links: \\cscso1fsappv01\data\HTOC\JA\wheelhouse
Requirement already satisfied: pandas in c:\users\jaskew\appdata\roaming\python\python313\site-packages (2.3.0)
Requirement already satisfied: numpy in c:\users\jaskew\appdata\roaming\python\python313\site-packages (2.3.1)
Requirement already satisfied: scikit-learn in c:\users\jaskew\appdata\roaming\python\python313\site-packages (1.7.0)
Requirement already satisfied: openpyxl in c:\users\jaskew\appdata\roaming\python\python313\site-packages (3.1.5)
Requirement already satisfied: python-dateutil>=2.8.2 in c:\users\jaskew\appdata\roaming\python\python313\site-packages (from pandas) (2.9.0.post0)
Requirement already satisfied: pytz>=2020.1 in c:\users\jaskew\appdata\roaming\python\python313\site-packages (from pandas) (2025.2)
Requirement already satisfied: tzdata>=2022.7 in c:\users\jaskew\appdata\roaming\python\python313\site-packages (from pandas) (2025.2)
Requirement already satisfied: scipy>=1.8.0 in c:\users\jaskew\appdata\roaming\python\python313\site-packages (from scikit-learn) (1.16.0)
Requirement already satisfied: joblib>=1.2.0 in c:\users\jaskew\appdata\roaming\python\python313\site-packages (from scikit-learn) (1.5.1)
Requirement already satisfied: threadpoolctl>=3.1.0 in c:\users\jaskew\appdata\roaming\python\python313\site-packages (from scikit-learn) (3.6.0)
Requirement already satisfied: et-xmlfile in c:\users\jaskew\appdata\roaming\python\python313\site-packages (from openpyxl) (2.0.0)
Requirement already satisfied: six>=1.5 in c:\users\jaskew\appdata\roaming\python\python313\site-packages (from python-dateutil>=2.8.2->pandas) (1.17.0)
[20260822 07:30:05] CHECK   Packages OK
[20260822 07:30:05] RUN     Launching NextObservedIndicatorV4.0.py...
 
---- script output ---- 
panel: 834,465 rows | 25,724 (opdiv,indicator) | 2026-01-14 -> 2026-08-22
training rows: 156,667 from 11 cutoffs (2026-04-24 -> 2026-07-03)
trained production model (all cutoffs)
scoring 17,267 indicators as-of 2026-08-22
OpDivs: ['CDC', 'CMS', 'DHA', 'FDA', 'HHS', 'HRSA', 'IHS', 'NIH', 'OS', 'VA']
                                      Indicator  ...       Confidence: 45-Day
0                                  64.62.156.82  ...    45-Day: Highly likely
1                                    65.49.1.10  ...  45-Day: Possibly active
2                                   65.49.1.152  ...   45-Day: Low confidence
3                                74.208.236.241  ...  45-Day: Possibly active
4                                  onestart.ai/  ...  45-Day: Possibly active
5                              www.shorturl.at/  ...    45-Day: Highly likely
6                                  64.62.156.15  ...    45-Day: Highly likely
7                                    65.49.1.82  ...   45-Day: Low confidence
8  geo.netsupportsoftware.com/location/loca.asp  ...   45-Day: Low confidence
9                                 64.62.156.108  ...    45-Day: Highly likely

[10 rows x 15 columns]
saved to \\cscso1fsappv01\data\HTOC\JA\NextObserveV4Test
Wrote 10 OpDiv files under \\cscso1fsappv01\data\HTOC\JA\NextObserveV4Test
[PERF 2026-08-22 07:31:21] INFO: starting post-forecast evaluation (stamp=20260822)
loaded \\cscso1fsappv01\data\HTOC\JA\NextObserveV4Test\CDC\CDC_output_20260822.csv (228 rows)
loaded \\cscso1fsappv01\data\HTOC\JA\NextObserveV4Test\CMS\CMS_output_20260822.csv (1213 rows)
loaded \\cscso1fsappv01\data\HTOC\JA\NextObserveV4Test\DHA\DHA_output_20260822.csv (753 rows)
loaded \\cscso1fsappv01\data\HTOC\JA\NextObserveV4Test\FDA\FDA_output_20260822.csv (473 rows)
loaded \\cscso1fsappv01\data\HTOC\JA\NextObserveV4Test\HHS\HHS_output_20260822.csv (1485 rows)
loaded \\cscso1fsappv01\data\HTOC\JA\NextObserveV4Test\HRSA\HRSA_output_20260822.csv (4643 rows)
loaded \\cscso1fsappv01\data\HTOC\JA\NextObserveV4Test\IHS\IHS_output_20260822.csv (1115 rows)
loaded \\cscso1fsappv01\data\HTOC\JA\NextObserveV4Test\NIH\NIH_output_20260822.csv (3609 rows)
loaded \\cscso1fsappv01\data\HTOC\JA\NextObserveV4Test\OS\OS_output_20260822.csv (1442 rows)
loaded \\cscso1fsappv01\data\HTOC\JA\NextObserveV4Test\VA\VA_output_20260822.csv (2306 rows)
Saved to \\cscso1fsappv01\data\HTOC\JA\NextObserveV4Test\Full Daily Reports\full_daily_report_20260822.csv (17267 rows)
[PERF 2026-08-22 07:31:21] INFO: consolidated daily report: \\cscso1fsappv01\data\HTOC\JA\NextObserveV4Test\Full Daily Reports\full_daily_report_20260822.csv
[PERF 2026-08-22 07:31:22] INFO: starting performance evaluation
PERF SUMMARY  Horizon=1-Day  Eval=20260822  Forecast=20260821  UniqueIndicators=7848  Pairs=17229  Decided=14996  Coverage=87.04%
  Accuracy=94.25%  Precision=82.98%  Recall(decided)=88.03%  Recall(all)=70.75%  F1=85.43%
  HIGH band: TP=2530/3049  FP=519  FN=344
  LOW  band: TN=11603/11947  FP=344  Neg Precision=97.12%
  POSS band: n=2233  EndedHigh=702  EndedLow=1531  EndedHighRate=31.44%  AvgProb=44.23%  (EndedHighAvg=51.44%, EndedLowAvg=40.93%)
PERFORMANCE_ALERT (1-Day): Precision dropped to 82.98% (minimum standard: 85.00%, n=14996)
PERFORMANCE_ALERT (1-Day): Precision 82.98% fell below 14-day rolling average 94.89% by more than 5pp (n=14996)
PERFORMANCE_ALERT (1-Day): Precision dropped day-to-day from 91.46% to 82.98% (>3pp drop, n=14996)
[PERF 2026-08-22 07:31:23] WARNING: forecast daily report missing: \\cscso1fsappv01\data\HTOC\JA\NextObserveV4Test\Full Daily Reports\full_daily_report_20260815.csv
[PERF 2026-08-22 07:31:23] WARNING: forecast daily report missing: \\cscso1fsappv01\data\HTOC\JA\NextObserveV4Test\Full Daily Reports\full_daily_report_20260808.csv
[PERF 2026-08-22 07:31:23] WARNING: forecast daily report missing: \\cscso1fsappv01\data\HTOC\JA\NextObserveV4Test\Full Daily Reports\full_daily_report_20260723.csv
[PERF 2026-08-22 07:31:23] WARNING: forecast daily report missing: \\cscso1fsappv01\data\HTOC\JA\NextObserveV4Test\Full Daily Reports\full_daily_report_20260708.csv
[PERF 2026-08-22 07:31:23] INFO: wrote metric alerts to \\cscso1fsappv01\data\HTOC\JA\NextObserveV4Test\Performance\Alerts\alert_20260822.txt
[PERF 2026-08-22 07:31:23] INFO: evaluation finished successfully
PIPELINE_OK
---- end output ---- 
 
[20260822 07:31:24] SUCCESS Script completed successfully
[20260822 07:31:24] OUTPUT  Fresh CSV files: 11
