[20260821 07:30:03] START   NextObservedIndicatorV4.0
[20260821 07:30:03] CONFIG  Python: C:\Program Files\Python313\python.exe
[20260821 07:30:03] CONFIG  Script: \\cscso1fsappv01\home\jaskew\HTOC\notebooks\observationEventForecasting\NextObservedIndicatorV4\NextObservedIndicatorV4.0.py
[20260821 07:30:03] CONFIG  Save:   \\cscso1fsappv01\data\HTOC\JA\NextObserveV4Test
[20260821 07:30:03] CONFIG  Log:    \\cscso1fsappv01\home\jaskew\HTOC\notebooks\observationEventForecasting\NextObservedIndicatorV4\logs\noi_v4_20260821_073002.log
[20260821 07:30:03] RUN     Connecting data share...
SHARE_OK \\cscso1fsappv01\data\HTOC
[20260821 07:30:03] CHECK   Data share OK (\\cscso1fsappv01\data\HTOC)
[20260821 07:30:03] RUN     Installing packages...
Looking in links: \\cscso1fsappv01\data\HTOC\JA\wheelhouse
Requirement already satisfied: pandas in c:\users\jaskew\appdata\roaming\python\python313\site-packages (2.3.0)
Requirement already satisfied: numpy in c:\users\jaskew\appdata\roaming\python\python313\site-packages (2.3.1)
Requirement already satisfied: scikit-learn in c:\users\jaskew\appdata\roaming\python\python313\site-packages (1.7.0)
Requirement already satisfied: openpyxl in c:\users\jaskew\appdata\roaming\python\python313\site-packages (3.1.5)
Requirement already satisfied: python-dateutil>=2.8.2 in c:\users\jaskew\appdata\roaming\python\python313\site-packages (from pandas) (2.9.0.post0)
Requirement already satisfied: pytz>=2020.1 in c:\users\jaskew\appdata\roaming\python\python313\site-packages (from pandas) (2025.2)
Requirement already satisfied: tzdata>=2022.7 in c:\users\jaskew\appdata\roaming\python\python313\site-packages (from pandas) (2025.2)
Requirement already satisfied: scipy>=1.8.0 in c:\users\jaskew\appdata\roaming\python\python313\site-packages (from scikit-learn) (1.16.0)
Requirement already satisfied: joblib>=1.2.0 in c:\users\jaskew\appdata\roaming\python\python313\site-packages (from scikit-learn) (1.5.1)
Requirement already satisfied: threadpoolctl>=3.1.0 in c:\users\jaskew\appdata\roaming\python\python313\site-packages (from scikit-learn) (3.6.0)
Requirement already satisfied: et-xmlfile in c:\users\jaskew\appdata\roaming\python\python313\site-packages (from openpyxl) (2.0.0)
Requirement already satisfied: six>=1.5 in c:\users\jaskew\appdata\roaming\python\python313\site-packages (from python-dateutil>=2.8.2->pandas) (1.17.0)
[20260821 07:30:05] CHECK   Packages OK
[20260821 07:30:05] RUN     Launching NextObservedIndicatorV4.0.py...
 
---- script output ---- 
panel: 834,882 rows | 25,686 (opdiv,indicator) | 2026-01-13 -> 2026-08-21
training rows: 155,580 from 11 cutoffs (2026-04-23 -> 2026-07-02)
trained production model (all cutoffs)
scoring 17,229 indicators as-of 2026-08-21
OpDivs: ['CDC', 'CMS', 'DHA', 'FDA', 'HHS', 'HRSA', 'IHS', 'NIH', 'OS', 'VA']
                                      Indicator  ...       Confidence: 45-Day
0                                 64.62.156.117  ...  45-Day: Possibly active
1                                   71.6.232.29  ...    45-Day: Highly likely
2                                74.208.236.241  ...  45-Day: Possibly active
3  geo.netsupportsoftware.com/location/loca.asp  ...  45-Day: Possibly active
4                                  onestart.ai/  ...  45-Day: Possibly active
5                                  64.62.156.82  ...  45-Day: Possibly active
6                                    65.49.1.10  ...  45-Day: Possibly active
7                                   65.49.1.152  ...   45-Day: Low confidence
8                              www.shorturl.at/  ...    45-Day: Highly likely
9                                  64.62.156.15  ...  45-Day: Possibly active

[10 rows x 15 columns]
saved to \\cscso1fsappv01\data\HTOC\JA\NextObserveV4Test
Wrote 10 OpDiv files under \\cscso1fsappv01\data\HTOC\JA\NextObserveV4Test
[PERF 2026-08-21 07:31:21] INFO: starting post-forecast evaluation (stamp=20260821)
loaded \\cscso1fsappv01\data\HTOC\JA\NextObserveV4Test\CDC\CDC_output_20260821.csv (227 rows)
loaded \\cscso1fsappv01\data\HTOC\JA\NextObserveV4Test\CMS\CMS_output_20260821.csv (1208 rows)
loaded \\cscso1fsappv01\data\HTOC\JA\NextObserveV4Test\DHA\DHA_output_20260821.csv (752 rows)
loaded \\cscso1fsappv01\data\HTOC\JA\NextObserveV4Test\FDA\FDA_output_20260821.csv (472 rows)
loaded \\cscso1fsappv01\data\HTOC\JA\NextObserveV4Test\HHS\HHS_output_20260821.csv (1489 rows)
loaded \\cscso1fsappv01\data\HTOC\JA\NextObserveV4Test\HRSA\HRSA_output_20260821.csv (4645 rows)
loaded \\cscso1fsappv01\data\HTOC\JA\NextObserveV4Test\IHS\IHS_output_20260821.csv (1111 rows)
loaded \\cscso1fsappv01\data\HTOC\JA\NextObserveV4Test\NIH\NIH_output_20260821.csv (3614 rows)
loaded \\cscso1fsappv01\data\HTOC\JA\NextObserveV4Test\OS\OS_output_20260821.csv (1438 rows)
loaded \\cscso1fsappv01\data\HTOC\JA\NextObserveV4Test\VA\VA_output_20260821.csv (2273 rows)
Saved to \\cscso1fsappv01\data\HTOC\JA\NextObserveV4Test\Full Daily Reports\full_daily_report_20260821.csv (17229 rows)
[PERF 2026-08-21 07:31:22] INFO: consolidated daily report: \\cscso1fsappv01\data\HTOC\JA\NextObserveV4Test\Full Daily Reports\full_daily_report_20260821.csv
[PERF 2026-08-21 07:31:22] INFO: starting performance evaluation
PERF SUMMARY  Horizon=1-Day  Eval=20260821  Forecast=20260820  UniqueIndicators=7844  Pairs=17206  Decided=14885  Coverage=86.51%
  Accuracy=96.52%  Precision=91.46%  Recall(decided)=91.34%  Recall(all)=73.29%  F1=91.4%
  HIGH band: TP=2752/3009  FP=257  FN=261
  LOW  band: TN=11615/11876  FP=261  Neg Precision=97.8%
  POSS band: n=2321  EndedHigh=742  EndedLow=1579  EndedHighRate=31.97%  AvgProb=45.27%  (EndedHighAvg=52.83%, EndedLowAvg=41.72%)
[PERF 2026-08-21 07:31:24] WARNING: forecast daily report missing: \\cscso1fsappv01\data\HTOC\JA\NextObserveV4Test\Full Daily Reports\full_daily_report_20260814.csv
[PERF 2026-08-21 07:31:24] WARNING: forecast daily report missing: \\cscso1fsappv01\data\HTOC\JA\NextObserveV4Test\Full Daily Reports\full_daily_report_20260807.csv
[PERF 2026-08-21 07:31:24] WARNING: forecast daily report missing: \\cscso1fsappv01\data\HTOC\JA\NextObserveV4Test\Full Daily Reports\full_daily_report_20260722.csv
[PERF 2026-08-21 07:31:24] WARNING: forecast daily report missing: \\cscso1fsappv01\data\HTOC\JA\NextObserveV4Test\Full Daily Reports\full_daily_report_20260707.csv
[PERF 2026-08-21 07:31:24] INFO: evaluation finished successfully
PIPELINE_OK
---- end output ---- 
 
[20260821 07:31:25] SUCCESS Script completed successfully
[20260821 07:31:25] OUTPUT  Fresh CSV files: 11
