[20260828 07:30:03] START   NextObservedIndicatorV4.0
[20260828 07:30:03] CONFIG  Python: C:\Program Files\Python313\python.exe
[20260828 07:30:03] CONFIG  Script: \\cscso1fsappv01\home\jaskew\HTOC\notebooks\observationEventForecasting\NextObservedIndicatorV4\NextObservedIndicatorV4.0.py
[20260828 07:30:03] CONFIG  Save:   \\cscso1fsappv01\data\HTOC\JA\NextObserveV4Test
[20260828 07:30:03] CONFIG  Log:    \\cscso1fsappv01\home\jaskew\HTOC\notebooks\observationEventForecasting\NextObservedIndicatorV4\logs\noi_v4_20260828_073002.log
[20260828 07:30:03] RUN     Connecting data share...
SHARE_OK \\cscso1fsappv01\data\HTOC
[20260828 07:30:03] CHECK   Data share OK (\\cscso1fsappv01\data\HTOC)
[20260828 07:30:03] RUN     Installing packages...
Looking in links: \\cscso1fsappv01\data\HTOC\JA\wheelhouse
Requirement already satisfied: pandas in c:\users\jaskew\appdata\roaming\python\python313\site-packages (2.3.0)
Requirement already satisfied: numpy in c:\users\jaskew\appdata\roaming\python\python313\site-packages (2.3.1)
Requirement already satisfied: scikit-learn in c:\users\jaskew\appdata\roaming\python\python313\site-packages (1.7.0)
Requirement already satisfied: openpyxl in c:\users\jaskew\appdata\roaming\python\python313\site-packages (3.1.5)
Requirement already satisfied: python-dateutil>=2.8.2 in c:\users\jaskew\appdata\roaming\python\python313\site-packages (from pandas) (2.9.0.post0)
Requirement already satisfied: pytz>=2020.1 in c:\users\jaskew\appdata\roaming\python\python313\site-packages (from pandas) (2025.2)
Requirement already satisfied: tzdata>=2022.7 in c:\users\jaskew\appdata\roaming\python\python313\site-packages (from pandas) (2025.2)
Requirement already satisfied: scipy>=1.8.0 in c:\users\jaskew\appdata\roaming\python\python313\site-packages (from scikit-learn) (1.16.0)
Requirement already satisfied: joblib>=1.2.0 in c:\users\jaskew\appdata\roaming\python\python313\site-packages (from scikit-learn) (1.5.1)
Requirement already satisfied: threadpoolctl>=3.1.0 in c:\users\jaskew\appdata\roaming\python\python313\site-packages (from scikit-learn) (3.6.0)
Requirement already satisfied: et-xmlfile in c:\users\jaskew\appdata\roaming\python\python313\site-packages (from openpyxl) (2.0.0)
Requirement already satisfied: six>=1.5 in c:\users\jaskew\appdata\roaming\python\python313\site-packages (from python-dateutil>=2.8.2->pandas) (1.17.0)
[20260828 07:30:06] CHECK   Packages OK
[20260828 07:30:06] RUN     Launching NextObservedIndicatorV4.0.py...
 
---- script output ---- 
panel: 828,117 rows | 25,792 (opdiv,indicator) | 2026-01-20 -> 2026-08-28
feed health: issues over the last 30 days
  DHA: outage=0 degraded=1 missing=0 | 20260828:unsettled
  HHS: outage=2 degraded=0 missing=0 | 20260822:outage; 20260823:outage; 20260828:unsettled
  NIH: outage=1 degraded=1 missing=0 | 20260730:outage; 20260828:unsettled
  VA: outage=3 degraded=0 missing=0 | 20260825:outage; 20260826:outage; 20260827:outage; 20260828:unsettled
outage imputation:
  CDC: 2026-02-07..2026-02-08 (2d) not imputed -- only 0 regulars; this feed has no daily core
  CDC: 2026-02-14..2026-02-16 (3d) not imputed -- only 0 regulars; this feed has no daily core
  CDC: 2026-05-06..2026-05-21 (16d) not imputed -- only 0 regulars; this feed has no daily core
  FDA: 2026-04-22..2026-04-23 -- filled 154 regulars across 2d
  HHS: 2026-07-12..2026-07-12 -- filled 15 regulars across 1d
  HHS: 2026-08-22..2026-08-23 -- filled 134 regulars across 2d
  HRSA: 2026-04-19..2026-04-19 -- filled 152 regulars across 1d
  HRSA: 2026-04-21..2026-04-21 -- filled 138 regulars across 1d
  NIH: 2026-07-30..2026-07-30 (1d) not imputed -- only 0 regulars; this feed has no daily core
  VA: 2026-02-26..2026-02-26 -- filled 477 regulars across 1d
  VA: 2026-08-25..2026-08-27 -- filled 464 regulars across 3d
WARNING: feed composition changed across an outage
  HHS 2026-08-22..2026-08-23: only 76.1% of 134 regulars returned vs 100.0% normally (32 lost, 23.9pp short). The feed came back with different content -- forecasts imputed during this outage overstated those indicators.
training rows: 159,278 from 11 cutoffs (2026-04-30 -> 2026-07-09)
feed-health mask withheld 47,679 of 796,390 training labels (5.99%) -- windows containing a feed outage
trained production model (all cutoffs)
scoring 17,364 indicators as-of 2026-08-28
forecast rests on imputed days for 598 indicators (marked 'est' in the Basis column)
OpDivs: ['CDC', 'CMS', 'DHA', 'FDA', 'HHS', 'HRSA', 'IHS', 'NIH', 'OS', 'VA']
                                      Indicator  ...  Basis
0                                 64.62.156.117  ...       
1                                  64.62.156.82  ...       
2                                   71.6.232.29  ...       
3                                74.208.236.241  ...       
4                                 45.153.34.149  ...       
5                                 64.62.156.144  ...       
6  geo.netsupportsoftware.com/location/loca.asp  ...       
7                                  onestart.ai/  ...       
8                              www.shorturl.at/  ...       
9                                 167.94.138.53  ...       

[10 rows x 16 columns]
saved to \\cscso1fsappv01\data\HTOC\JA\NextObserveV4Test
Wrote 10 OpDiv files under \\cscso1fsappv01\data\HTOC\JA\NextObserveV4Test
[PERF 2026-08-28 07:31:28] INFO: starting post-forecast evaluation (stamp=20260828)
loaded \\cscso1fsappv01\data\HTOC\JA\NextObserveV4Test\CDC\CDC_output_20260828.csv (275 rows)
loaded \\cscso1fsappv01\data\HTOC\JA\NextObserveV4Test\CMS\CMS_output_20260828.csv (1234 rows)
loaded \\cscso1fsappv01\data\HTOC\JA\NextObserveV4Test\DHA\DHA_output_20260828.csv (748 rows)
loaded \\cscso1fsappv01\data\HTOC\JA\NextObserveV4Test\FDA\FDA_output_20260828.csv (475 rows)
loaded \\cscso1fsappv01\data\HTOC\JA\NextObserveV4Test\HHS\HHS_output_20260828.csv (1511 rows)
loaded \\cscso1fsappv01\data\HTOC\JA\NextObserveV4Test\HRSA\HRSA_output_20260828.csv (4660 rows)
loaded \\cscso1fsappv01\data\HTOC\JA\NextObserveV4Test\IHS\IHS_output_20260828.csv (1130 rows)
loaded \\cscso1fsappv01\data\HTOC\JA\NextObserveV4Test\NIH\NIH_output_20260828.csv (3640 rows)
loaded \\cscso1fsappv01\data\HTOC\JA\NextObserveV4Test\OS\OS_output_20260828.csv (1412 rows)
loaded \\cscso1fsappv01\data\HTOC\JA\NextObserveV4Test\VA\VA_output_20260828.csv (2279 rows)
Saved to \\cscso1fsappv01\data\HTOC\JA\NextObserveV4Test\Full Daily Reports\full_daily_report_20260828.csv (17364 rows)
[PERF 2026-08-28 07:31:29] INFO: consolidated daily report: \\cscso1fsappv01\data\HTOC\JA\NextObserveV4Test\Full Daily Reports\full_daily_report_20260828.csv
[PERF 2026-08-28 07:31:29] INFO: starting performance evaluation
[PERF 2026-08-28 07:31:29] INFO: scoring 20260825 (settled) plus 2 provisional date(s) up to 20260827
[PERF 2026-08-28 07:31:32] WARNING: H=1 eval=20260825: excluding VA -- incomplete label window (20260825 outage)
PERF SUMMARY  Horizon=1-Day  Eval=20260825  Forecast=20260824  UniqueIndicators=7359  Pairs=14988  Decided=12955  Coverage=86.44%
  Accuracy=94.43%  Precision=96.39%  Recall(decided)=77.63%  Recall(all)=57.33%  F1=86.0%
  HIGH band: TP=2218/2301  FP=83  FN=639
  LOW  band: TN=10015/10654  FP=639  Neg Precision=94.0%
  POSS band: n=2033  EndedHigh=1012  EndedLow=1021  EndedHighRate=49.78%  AvgProb=45.61%  (EndedHighAvg=50.65%, EndedLowAvg=40.61%)
[PERF 2026-08-28 07:31:35] WARNING: H=7 eval=20260825: excluding HHS -- incomplete label window (20260822 outage; 20260823 outage)
[PERF 2026-08-28 07:31:35] WARNING: H=7 eval=20260825: excluding VA -- incomplete label window (20260825 outage)
PERF SUMMARY  Horizon=7-Day  Eval=20260825  Forecast=20260818  UniqueIndicators=7223  Pairs=13461  Decided=11101  Coverage=82.47%
  Accuracy=92.81%  Precision=97.99%  Recall(decided)=81.18%  Recall(all)=61.17%  F1=88.8%
  HIGH band: TP=3162/3227  FP=65  FN=733
  LOW  band: TN=7141/7874  FP=733  Neg Precision=90.69%
  POSS band: n=2360  EndedHigh=1274  EndedLow=1086  EndedHighRate=53.98%  AvgProb=47.31%  (EndedHighAvg=54.87%, EndedLowAvg=38.43%)
[PERF 2026-08-28 07:31:37] WARNING: H=14 eval=20260825: excluding HHS -- incomplete label window (20260822 outage; 20260823 outage)
[PERF 2026-08-28 07:31:37] WARNING: H=14 eval=20260825: excluding VA -- incomplete label window (20260825 outage)
PERF SUMMARY  Horizon=14-Day  Eval=20260825  Forecast=20260811  UniqueIndicators=7145  Pairs=13320  Decided=10429  Coverage=78.3%
  Accuracy=91.97%  Precision=97.31%  Recall(decided)=82.92%  Recall(all)=62.5%  F1=89.54%
  HIGH band: TP=3584/3683  FP=99  FN=738
  LOW  band: TN=6008/6746  FP=738  Neg Precision=89.06%
  POSS band: n=2891  EndedHigh=1412  EndedLow=1479  EndedHighRate=48.84%  AvgProb=43.44%  (EndedHighAvg=48.63%, EndedLowAvg=38.48%)
[PERF 2026-08-28 07:31:37] WARNING: forecast daily report missing: \\cscso1fsappv01\data\HTOC\JA\NextObserveV4Test\Full Daily Reports\full_daily_report_20260726.csv
[PERF 2026-08-28 07:31:37] WARNING: forecast daily report missing: \\cscso1fsappv01\data\HTOC\JA\NextObserveV4Test\Full Daily Reports\full_daily_report_20260711.csv
[PERF 2026-08-28 07:31:38] WARNING: H=1 eval=20260826: excluding VA -- incomplete label window (20260826 outage)
[PERF 2026-08-28 07:31:38] INFO: H=1 eval=20260826: scoring CDC, CMS, DHA, FDA, HHS, HRSA, IHS, NIH, OS on days that have delivered but not formally settled; rows are marked provisional with their completeness and will be rewritten once those days settle
PERF SUMMARY  Horizon=1-Day  Eval=20260826  Forecast=20260825  UniqueIndicators=7361  Pairs=15036  Decided=12971  Coverage=86.27%
  Accuracy=96.08%  Precision=94.8%  Recall(decided)=85.74%  Recall(all)=62.8%  F1=90.04%
  HIGH band: TP=2296/2422  FP=126  FN=382
  LOW  band: TN=10167/10549  FP=382  Neg Precision=96.38%
  POSS band: n=2065  EndedHigh=978  EndedLow=1087  EndedHighRate=47.36%  AvgProb=42.98%  (EndedHighAvg=50.36%, EndedLowAvg=36.34%)
[PERF 2026-08-28 07:31:39] WARNING: H=7 eval=20260826: excluding HHS -- incomplete label window (20260822 outage; 20260823 outage)
[PERF 2026-08-28 07:31:39] WARNING: H=7 eval=20260826: excluding VA -- incomplete label window (20260825 outage; 20260826 outage)
[PERF 2026-08-28 07:31:39] INFO: H=7 eval=20260826: scoring CDC, CMS, DHA, FDA, HRSA, IHS, NIH, OS on days that have delivered but not formally settled; rows are marked provisional with their completeness and will be rewritten once those days settle
PERF SUMMARY  Horizon=7-Day  Eval=20260826  Forecast=20260819  UniqueIndicators=7268  Pairs=13417  Decided=11223  Coverage=83.65%
  Accuracy=93.29%  Precision=97.37%  Recall(decided)=83.73%  Recall(all)=65.42%  F1=90.04%
  HIGH band: TP=3402/3494  FP=92  FN=661
  LOW  band: TN=7068/7729  FP=661  Neg Precision=91.45%
  POSS band: n=2194  EndedHigh=1137  EndedLow=1057  EndedHighRate=51.82%  AvgProb=45.74%  (EndedHighAvg=54.12%, EndedLowAvg=36.72%)
[PERF 2026-08-28 07:31:41] WARNING: H=14 eval=20260826: excluding HHS -- incomplete label window (20260822 outage; 20260823 outage)
[PERF 2026-08-28 07:31:41] WARNING: H=14 eval=20260826: excluding VA -- incomplete label window (20260825 outage; 20260826 outage)
[PERF 2026-08-28 07:31:41] INFO: H=14 eval=20260826: scoring CDC, CMS, DHA, FDA, HRSA, IHS, NIH, OS on days that have delivered but not formally settled; rows are marked provisional with their completeness and will be rewritten once those days settle
PERF SUMMARY  Horizon=14-Day  Eval=20260826  Forecast=20260812  UniqueIndicators=7167  Pairs=13336  Decided=10442  Coverage=78.3%
  Accuracy=91.69%  Precision=97.62%  Recall(decided)=81.68%  Recall(all)=60.44%  F1=88.94%
  HIGH band: TP=3491/3576  FP=85  FN=783
  LOW  band: TN=6083/6866  FP=783  Neg Precision=88.6%
  POSS band: n=2894  EndedHigh=1502  EndedLow=1392  EndedHighRate=51.9%  AvgProb=44.47%  (EndedHighAvg=50.27%, EndedLowAvg=38.22%)
[PERF 2026-08-28 07:31:41] WARNING: forecast daily report missing: \\cscso1fsappv01\data\HTOC\JA\NextObserveV4Test\Full Daily Reports\full_daily_report_20260727.csv
[PERF 2026-08-28 07:31:41] WARNING: forecast daily report missing: \\cscso1fsappv01\data\HTOC\JA\NextObserveV4Test\Full Daily Reports\full_daily_report_20260712.csv
[PERF 2026-08-28 07:31:42] WARNING: H=1 eval=20260827: excluding VA -- incomplete label window (20260827 outage)
[PERF 2026-08-28 07:31:42] INFO: H=1 eval=20260827: scoring CDC, CMS, DHA, FDA, HHS, HRSA, IHS, NIH, OS on days that have delivered but not formally settled; rows are marked provisional with their completeness and will be rewritten once those days settle
PERF SUMMARY  Horizon=1-Day  Eval=20260827  Forecast=20260826  UniqueIndicators=7382  Pairs=15051  Decided=13095  Coverage=87.0%
  Accuracy=94.28%  Precision=83.86%  Recall(decided)=85.29%  Recall(all)=64.24%  F1=84.57%
  HIGH band: TP=2053/2448  FP=395  FN=354
  LOW  band: TN=10293/10647  FP=354  Neg Precision=96.68%
  POSS band: n=1956  EndedHigh=789  EndedLow=1167  EndedHighRate=40.34%  AvgProb=45.7%  (EndedHighAvg=52.74%, EndedLowAvg=40.94%)
[PERF 2026-08-28 07:31:44] WARNING: H=7 eval=20260827: excluding HHS -- incomplete label window (20260822 outage; 20260823 outage)
[PERF 2026-08-28 07:31:44] WARNING: H=7 eval=20260827: excluding VA -- incomplete label window (20260825 outage; 20260826 outage; 20260827 outage)
[PERF 2026-08-28 07:31:44] INFO: H=7 eval=20260827: scoring CDC, CMS, DHA, FDA, HRSA, IHS, NIH, OS on days that have delivered but not formally settled; rows are marked provisional with their completeness and will be rewritten once those days settle
PERF SUMMARY  Horizon=7-Day  Eval=20260827  Forecast=20260820  UniqueIndicators=7286  Pairs=13447  Decided=11198  Coverage=83.28%
  Accuracy=93.77%  Precision=97.79%  Recall(decided)=84.38%  Recall(all)=64.67%  F1=90.59%
  HIGH band: TP=3360/3436  FP=76  FN=622
  LOW  band: TN=7140/7762  FP=622  Neg Precision=91.99%
  POSS band: n=2249  EndedHigh=1214  EndedLow=1035  EndedHighRate=53.98%  AvgProb=46.63%  (EndedHighAvg=53.45%, EndedLowAvg=38.63%)
[PERF 2026-08-28 07:31:46] WARNING: H=14 eval=20260827: excluding HHS -- incomplete label window (20260822 outage; 20260823 outage)
[PERF 2026-08-28 07:31:46] WARNING: H=14 eval=20260827: excluding VA -- incomplete label window (20260825 outage; 20260826 outage; 20260827 outage)
[PERF 2026-08-28 07:31:46] INFO: H=14 eval=20260827: scoring CDC, CMS, DHA, FDA, HRSA, IHS, NIH, OS on days that have delivered but not formally settled; rows are marked provisional with their completeness and will be rewritten once those days settle
PERF SUMMARY  Horizon=14-Day  Eval=20260827  Forecast=20260813  UniqueIndicators=7181  Pairs=13373  Decided=10413  Coverage=77.87%
  Accuracy=92.09%  Precision=97.4%  Recall(decided)=83.47%  Recall(all)=63.44%  F1=89.9%
  HIGH band: TP=3667/3765  FP=98  FN=726
  LOW  band: TN=5922/6648  FP=726  Neg Precision=89.08%
  POSS band: n=2960  EndedHigh=1387  EndedLow=1573  EndedHighRate=46.86%  AvgProb=42.59%  (EndedHighAvg=48.2%, EndedLowAvg=37.65%)
[PERF 2026-08-28 07:31:47] WARNING: forecast daily report missing: \\cscso1fsappv01\data\HTOC\JA\NextObserveV4Test\Full Daily Reports\full_daily_report_20260728.csv
[PERF 2026-08-28 07:31:47] WARNING: forecast daily report missing: \\cscso1fsappv01\data\HTOC\JA\NextObserveV4Test\Full Daily Reports\full_daily_report_20260713.csv
[PERF 2026-08-28 07:31:47] INFO: forecast coverage: all 15 of the last 15 days present
[PERF 2026-08-28 07:31:47] INFO: evaluation finished successfully
PIPELINE_OK
---- end output ---- 
 
[20260828 07:31:49] SUCCESS Script completed successfully
[20260828 07:31:49] OUTPUT  Fresh CSV files: 11
