[20260822 07:00:03] START   ThreatAssessScoringV5Daily
[20260822 07:00:03] CONFIG  Python: py -3.13
[20260822 07:00:03] CONFIG  Script: \\cscso1fsappv01\home\jaskew\HTOC\notebooks\ThreatAssessment Scoring\ThreatAssessScoringV5Daily\ThreatAssessScoringV5Daily.py
[20260822 07:00:03] CONFIG  Log:    \\cscso1fsappv01\home\jaskew\HTOC\notebooks\ThreatAssessment Scoring\ThreatAssessScoringV5Daily\logs\threatassess_v5daily_20260822_070002.log
[20260822 07:00:03] RUN     Connecting data share...
SHARE_OK \\cscso1fsappv01\data\HTOC
[20260822 07:00:03] CHECK   Data share OK (\\cscso1fsappv01\data\HTOC)
[20260822 07:00:03] CHECK   Python OK (C:\Program Files\Python313\python.exe)
[20260822 07:00:03] CHECK   Script OK
[20260822 07:00:03] RUN     Launching ThreatAssessScoringV5Daily.py...
 
---- script output ---- 
Loaded config — Base URL: https://hvs.threatconnect.com/api | Access ID: 09783848890162390382
ThreatConnect initialized.
Loaded 17,202 rows and 24 columns from observed indicators
Records first seen today (2026-08-22): 24
Distinct indicators from today's observed data: 24
observed_src: 17 rows x 31 cols
Loaded 4590 THREAT ACTOR rows, condensed to 1779 unique indicators
Threat actor matches: 1 indicators
Annotated incidents/events for 17 indicators; found 1 with matches.
Found 365 of 365 OpDiv files to load
Loaded 1,484,966 rows from 365 files
Mass scanner — Tier 1: 123 indicators | Tier 2: 416 indicators
Starting partner extraction pipeline...
Found 6367 indicators with partners from observation data
Processed tags for 17 indicators
Processing complete — 17 indicators
agg_df: 17 rows x 42 cols
Enriching 17 indicators (VT; Shodan for IP types only)...
Enrichment complete for 17 indicators.
obs_count merged: 17 indicators
recent_tags: 17 rows x 58 cols
Scoring complete — 17 indicators scored
Updated: 17 | Added: 0 | Total: 6369
Saved 6369 indicators to \\cscso1fsappv01\data\HTOC\Data_Analytics\Data\Threat Assessment Scores\Threat_Assessment_Scores.xlsx
Scoring history updated — 106384 total records, 6369 unique indicators
PIPELINE_OK
---- end output ---- 
 
[20260822 07:01:43] SUCCESS Script completed successfully
[20260822 07:01:43] OUTPUT  Excel confirmed - 5062 KB (fresh)
