[20260819 07:00:03] START   ThreatAssessScoringV5Daily
[20260819 07:00:03] CONFIG  Python: py -3.13
[20260819 07:00:03] CONFIG  Script: \\cscso1fsappv01\home\jaskew\HTOC\notebooks\ThreatAssessment Scoring\ThreatAssessScoringV5Daily\ThreatAssessScoringV5Daily.py
[20260819 07:00:03] CONFIG  Log:    \\cscso1fsappv01\home\jaskew\HTOC\notebooks\ThreatAssessment Scoring\ThreatAssessScoringV5Daily\logs\threatassess_v5daily_20260819_070003.log
[20260819 07:00:03] RUN     Connecting data share...
SHARE_OK \\cscso1fsappv01\data\HTOC
[20260819 07:00:03] CHECK   Data share OK (\\cscso1fsappv01\data\HTOC)
[20260819 07:00:03] CHECK   Python OK (C:\Program Files\Python313\python.exe)
[20260819 07:00:03] CHECK   Script OK
[20260819 07:00:03] RUN     Launching ThreatAssessScoringV5Daily.py...
 
---- script output ---- 
Loaded config — Base URL: https://hvs.threatconnect.com/api | Access ID: 09783848890162390382
ThreatConnect initialized.
Loaded 17,100 rows and 24 columns from observed indicators
Records first seen today (2026-08-19): 13
Distinct indicators from today's observed data: 13
observed_src: 7 rows x 31 cols
Loaded 4583 THREAT ACTOR rows, condensed to 1776 unique indicators
Threat actor matches: 0 indicators
Annotated incidents/events for 7 indicators; found 0 with matches.
Found 365 of 365 OpDiv files to load
Loaded 1,486,030 rows from 365 files
Mass scanner — Tier 1: 101 indicators | Tier 2: 417 indicators
Starting partner extraction pipeline...
Found 6363 indicators with partners from observation data
Processed tags for 7 indicators
Processing complete — 7 indicators
agg_df: 7 rows x 42 cols
Enriching 7 indicators (VT; Shodan for IP types only)...
Status Code: 400
Failed API Response: b'{"errCode":"0x1001","message":"The Host preview.moorebrotherslandscaping.com cannot be enriched with Shodan because the indicator type isn\'t supported.","status":"Error"}'
Enrichment complete for 7 indicators.
1 indicators failed enrichment (showing up to 10):
      indicator     type                                                                                                                                                                           error
0  69.42.23.214  Address  b'{"errCode":"0x1001","message":"The Host preview.moorebrotherslandscaping.com cannot be enriched with Shodan because the indicator type isn\'t supported.","status":"Error"}'
obs_count merged: 7 indicators
recent_tags: 7 rows x 47 cols
Scoring complete — 7 indicators scored
Updated: 7 | Added: 0 | Total: 6317
Saved 6317 indicators to \\cscso1fsappv01\data\HTOC\Data_Analytics\Data\Threat Assessment Scores\Threat_Assessment_Scores.xlsx
Scoring history updated — 100114 total records, 6317 unique indicators
PIPELINE_OK
---- end output ---- 
 
[20260819 07:01:48] SUCCESS Script completed successfully
[20260819 07:01:48] OUTPUT  Excel confirmed - 4690 KB (fresh)
