[20260820 07:00:03] START   ThreatAssessScoringV5Daily
[20260820 07:00:03] CONFIG  Python: py -3.13
[20260820 07:00:03] CONFIG  Script: \\cscso1fsappv01\home\jaskew\HTOC\notebooks\ThreatAssessment Scoring\ThreatAssessScoringV5Daily\ThreatAssessScoringV5Daily.py
[20260820 07:00:03] CONFIG  Log:    \\cscso1fsappv01\home\jaskew\HTOC\notebooks\ThreatAssessment Scoring\ThreatAssessScoringV5Daily\logs\threatassess_v5daily_20260820_070002.log
[20260820 07:00:03] RUN     Connecting data share...
SHARE_OK \\cscso1fsappv01\data\HTOC
[20260820 07:00:03] CHECK   Data share OK (\\cscso1fsappv01\data\HTOC)
[20260820 07:00:03] CHECK   Python OK (C:\Program Files\Python313\python.exe)
[20260820 07:00:03] CHECK   Script OK
[20260820 07:00:03] RUN     Launching ThreatAssessScoringV5Daily.py...
 
---- script output ---- 
Loaded config — Base URL: https://hvs.threatconnect.com/api | Access ID: 09783848890162390382
ThreatConnect initialized.
Loaded 17,136 rows and 24 columns from observed indicators
Records first seen today (2026-08-20): 19
Distinct indicators from today's observed data: 19
observed_src: 5 rows x 31 cols
Loaded 4586 THREAT ACTOR rows, condensed to 1777 unique indicators
Threat actor matches: 1 indicators
Annotated incidents/events for 5 indicators; found 1 with matches.
Found 365 of 365 OpDiv files to load
Loaded 1,485,704 rows from 365 files
Mass scanner — Tier 1: 101 indicators | Tier 2: 420 indicators
Starting partner extraction pipeline...
Found 6378 indicators with partners from observation data
Processed tags for 5 indicators
Processing complete — 5 indicators
agg_df: 5 rows x 42 cols
Enriching 5 indicators (VT; Shodan for IP types only)...
Enrichment complete for 5 indicators.
obs_count merged: 5 indicators
recent_tags: 5 rows x 58 cols
Scoring complete — 5 indicators scored
Updated: 5 | Added: 0 | Total: 6335
Saved 6335 indicators to \\cscso1fsappv01\data\HTOC\Data_Analytics\Data\Threat Assessment Scores\Threat_Assessment_Scores.xlsx
Scoring history updated — 102186 total records, 6335 unique indicators
PIPELINE_OK
---- end output ---- 
 
[20260820 07:01:38] SUCCESS Script completed successfully
[20260820 07:01:38] OUTPUT  Excel confirmed - 4811 KB (fresh)
