[20260826 07:00:03] START   ThreatAssessScoringV5Daily
[20260826 07:00:03] CONFIG  Python: py -3.13
[20260826 07:00:03] CONFIG  Script: \\cscso1fsappv01\home\jaskew\HTOC\notebooks\ThreatAssessment Scoring\ThreatAssessScoringV5Daily\ThreatAssessScoringV5Daily.py
[20260826 07:00:03] CONFIG  Log:    \\cscso1fsappv01\home\jaskew\HTOC\notebooks\ThreatAssessment Scoring\ThreatAssessScoringV5Daily\logs\threatassess_v5daily_20260826_070003.log
[20260826 07:00:04] RUN     Connecting data share...
SHARE_OK \\cscso1fsappv01\data\HTOC
[20260826 07:00:04] CHECK   Data share OK (\\cscso1fsappv01\data\HTOC)
[20260826 07:00:04] CHECK   Python OK (C:\Program Files\Python313\python.exe)
[20260826 07:00:04] CHECK   Script OK
[20260826 07:00:04] RUN     Launching ThreatAssessScoringV5Daily.py...
 
---- script output ---- 
Loaded config — Base URL: https://hvs.threatconnect.com/api | Access ID: 09783848890162390382
ThreatConnect initialized.
Loaded 17,342 rows and 24 columns from observed indicators
Records first seen today (2026-08-26): 17
Distinct indicators from today's observed data: 17
observed_src: 4 rows x 31 cols
Loaded 4591 THREAT ACTOR rows, condensed to 1780 unique indicators
Threat actor matches: 0 indicators
Annotated incidents/events for 4 indicators; found 1 with matches.
Found 365 of 365 OpDiv files to load
Loaded 1,480,508 rows from 365 files
Mass scanner — Tier 1: 148 indicators | Tier 2: 423 indicators
Starting partner extraction pipeline...
Found 6402 indicators with partners from observation data
Processed tags for 4 indicators
Processing complete — 4 indicators
agg_df: 4 rows x 42 cols
Enriching 4 indicators (VT; Shodan for IP types only)...
Enrichment complete for 4 indicators.
obs_count merged: 4 indicators
recent_tags: 4 rows x 57 cols
Scoring complete — 4 indicators scored
Updated: 4 | Added: 0 | Total: 6422
Saved 6422 indicators to \\cscso1fsappv01\data\HTOC\Data_Analytics\Data\Threat Assessment Scores\Threat_Assessment_Scores.xlsx
Scoring history updated — 114820 total records, 6422 unique indicators
PIPELINE_OK
---- end output ---- 
 
[20260826 07:01:53] SUCCESS Script completed successfully
[20260826 07:01:53] OUTPUT  Excel confirmed - 5432 KB (fresh)
