[20260823 07:00:03] START   ThreatAssessScoringV5Daily
[20260823 07:00:03] CONFIG  Python: py -3.13
[20260823 07:00:03] CONFIG  Script: \\cscso1fsappv01\home\jaskew\HTOC\notebooks\ThreatAssessment Scoring\ThreatAssessScoringV5Daily\ThreatAssessScoringV5Daily.py
[20260823 07:00:03] CONFIG  Log:    \\cscso1fsappv01\home\jaskew\HTOC\notebooks\ThreatAssessment Scoring\ThreatAssessScoringV5Daily\logs\threatassess_v5daily_20260823_070002.log
[20260823 07:00:03] RUN     Connecting data share...
SHARE_OK \\cscso1fsappv01\data\HTOC
[20260823 07:00:03] CHECK   Data share OK (\\cscso1fsappv01\data\HTOC)
[20260823 07:00:03] CHECK   Python OK (C:\Program Files\Python313\python.exe)
[20260823 07:00:03] CHECK   Script OK
[20260823 07:00:03] RUN     Launching ThreatAssessScoringV5Daily.py...
 
---- script output ---- 
Loaded config — Base URL: https://hvs.threatconnect.com/api | Access ID: 09783848890162390382
ThreatConnect initialized.
Loaded 17,241 rows and 24 columns from observed indicators
Records first seen today (2026-08-23): 21
Distinct indicators from today's observed data: 21
observed_src: 6 rows x 31 cols
Loaded 4591 THREAT ACTOR rows, condensed to 1780 unique indicators
Threat actor matches: 1 indicators
Annotated incidents/events for 6 indicators; found 0 with matches.
Found 365 of 365 OpDiv files to load
Loaded 1,483,898 rows from 365 files
Mass scanner — Tier 1: 147 indicators | Tier 2: 405 indicators
Starting partner extraction pipeline...
Found 6377 indicators with partners from observation data
Processed tags for 6 indicators
Processing complete — 6 indicators
agg_df: 6 rows x 41 cols
Enriching 6 indicators (VT; Shodan for IP types only)...
Status Code: 400
Failed API Response: b'{"errCode":"0x1001","message":"The File C19DED65E822BB43AD0381C58ABF33B7C8890F7BCC7125058A0C849C7E1A6054 cannot be enriched with Shodan because the indicator type isn\'t supported.","status":"Error"}'
Enrichment complete for 6 indicators.
1 indicators failed enrichment (showing up to 10):
       indicator     type                                                                                                                                                                                                       error
0  68.235.46.214  Address  b'{"errCode":"0x1001","message":"The File C19DED65E822BB43AD0381C58ABF33B7C8890F7BCC7125058A0C849C7E1A6054 cannot be enriched with Shodan because the indicator type isn\'t supported.","status":"Error"}'
obs_count merged: 6 indicators
recent_tags: 6 rows x 53 cols
Scoring complete — 6 indicators scored
Updated: 6 | Added: 0 | Total: 6394
Saved 6394 indicators to \\cscso1fsappv01\data\HTOC\Data_Analytics\Data\Threat Assessment Scores\Threat_Assessment_Scores.xlsx
Scoring history updated — 108532 total records, 6394 unique indicators
PIPELINE_OK
---- end output ---- 
 
[20260823 07:01:43] SUCCESS Script completed successfully
[20260823 07:01:43] OUTPUT  Excel confirmed - 5161 KB (fresh)
