[20260817 07:43:42] START   ThreatAssessScoringV5Daily
[20260817 07:43:42] CONFIG  Python: py -3.13
[20260817 07:43:42] CONFIG  Script: \\cscso1fsappv01\home\jaskew\HTOC\notebooks\ThreatAssessment Scoring\ThreatAssessScoringV5Daily\ThreatAssessScoringV5Daily.py
[20260817 07:43:42] CONFIG  Log:    \\cscso1fsappv01\home\jaskew\HTOC\notebooks\ThreatAssessment Scoring\ThreatAssessScoringV5Daily\logs\threatassess_v5daily_20260817_074341.log
[20260817 07:43:42] RUN     Connecting data share...
SHARE_OK \\cscso1fsappv01\data\HTOC
[20260817 07:43:42] CHECK   Data share OK (\\cscso1fsappv01\data\HTOC)
[20260817 07:43:42] CHECK   Python OK (C:\Program Files\Python313\python.exe)
[20260817 07:43:42] CHECK   Script OK
[20260817 07:43:42] RUN     Launching ThreatAssessScoringV5Daily.py...
 
---- script output ---- 
Loaded config — Base URL: https://hvs.threatconnect.com/api | Access ID: 09783848890162390382
ThreatConnect initialized.
Loaded 17,012 rows and 24 columns from observed indicators
Records first seen today (2026-08-17): 9
Distinct indicators from today's observed data: 9
observed_src: 3 rows x 31 cols
Loaded 4553 THREAT ACTOR rows, condensed to 1771 unique indicators
Threat actor matches: 0 indicators
Annotated incidents/events for 3 indicators; found 0 with matches.
Found 365 of 365 OpDiv files to load
Loaded 1,486,341 rows from 365 files
Mass scanner — Tier 1: 82 indicators | Tier 2: 440 indicators
Starting partner extraction pipeline...
Found 6352 indicators with partners from observation data
Processed tags for 3 indicators
Processing complete — 3 indicators
agg_df: 3 rows x 42 cols
Enriching 3 indicators (VT; Shodan for IP types only)...
Status Code: 400
Failed API Response: b'{"errCode":"0x1001","message":"The Host ridgewoodcarecenter.com cannot be enriched with Shodan because the indicator type isn\'t supported.","status":"Error"}'
Enrichment complete for 3 indicators.
1 indicators failed enrichment (showing up to 10):
        indicator     type                                                                                                                                                              error
0  138.199.15.150  Address  b'{"errCode":"0x1001","message":"The Host ridgewoodcarecenter.com cannot be enriched with Shodan because the indicator type isn\'t supported.","status":"Error"}'
obs_count merged: 3 indicators
recent_tags: 3 rows x 47 cols
Scoring complete — 3 indicators scored
Updated: 3 | Added: 0 | Total: 6283
Saved 6283 indicators to \\cscso1fsappv01\data\HTOC\Data_Analytics\Data\Threat Assessment Scores\Threat_Assessment_Scores.xlsx
Scoring history updated — 95889 total records, 6283 unique indicators
PIPELINE_OK
---- end output ---- 
 
[20260817 07:45:00] SUCCESS Script completed successfully
[20260817 07:45:00] OUTPUT  Excel confirmed - 4568 KB (fresh)
