[20260818 07:00:03] START   ThreatAssessScoringV5Daily
[20260818 07:00:03] CONFIG  Python: py -3.13
[20260818 07:00:03] CONFIG  Script: \\cscso1fsappv01\home\jaskew\HTOC\notebooks\ThreatAssessment Scoring\ThreatAssessScoringV5Daily\ThreatAssessScoringV5Daily.py
[20260818 07:00:03] CONFIG  Log:    \\cscso1fsappv01\home\jaskew\HTOC\notebooks\ThreatAssessment Scoring\ThreatAssessScoringV5Daily\logs\threatassess_v5daily_20260818_070003.log
[20260818 07:00:03] RUN     Connecting data share...
SHARE_OK \\cscso1fsappv01\data\HTOC
[20260818 07:00:03] CHECK   Data share OK (\\cscso1fsappv01\data\HTOC)
[20260818 07:00:03] CHECK   Python OK (C:\Program Files\Python313\python.exe)
[20260818 07:00:03] CHECK   Script OK
[20260818 07:00:03] RUN     Launching ThreatAssessScoringV5Daily.py...
 
---- script output ---- 
Loaded config — Base URL: https://hvs.threatconnect.com/api | Access ID: 09783848890162390382
ThreatConnect initialized.
Loaded 17,046 rows and 24 columns from observed indicators
Records first seen today (2026-08-18): 22
Distinct indicators from today's observed data: 22
observed_src: 12 rows x 31 cols
Loaded 4583 THREAT ACTOR rows, condensed to 1776 unique indicators
Threat actor matches: 1 indicators
Annotated incidents/events for 12 indicators; found 1 with matches.
Found 365 of 365 OpDiv files to load
Loaded 1,486,007 rows from 365 files
Mass scanner — Tier 1: 97 indicators | Tier 2: 423 indicators
Starting partner extraction pipeline...
Found 6338 indicators with partners from observation data
Processed tags for 12 indicators
Processing complete — 12 indicators
agg_df: 12 rows x 42 cols
Enriching 12 indicators (VT; Shodan for IP types only)...
Enrichment complete for 12 indicators.
obs_count merged: 12 indicators
recent_tags: 12 rows x 56 cols
Scoring complete — 12 indicators scored
Updated: 12 | Added: 0 | Total: 6304
Saved 6304 indicators to \\cscso1fsappv01\data\HTOC\Data_Analytics\Data\Threat Assessment Scores\Threat_Assessment_Scores.xlsx
Scoring history updated — 98026 total records, 6304 unique indicators
PIPELINE_OK
---- end output ---- 
 
[20260818 07:01:42] SUCCESS Script completed successfully
[20260818 07:01:42] OUTPUT  Excel confirmed - 4651 KB (fresh)
