[20260824 07:00:03] START   ThreatAssessScoringV5Daily
[20260824 07:00:03] CONFIG  Python: py -3.13
[20260824 07:00:03] CONFIG  Script: \\cscso1fsappv01\home\jaskew\HTOC\notebooks\ThreatAssessment Scoring\ThreatAssessScoringV5Daily\ThreatAssessScoringV5Daily.py
[20260824 07:00:03] CONFIG  Log:    \\cscso1fsappv01\home\jaskew\HTOC\notebooks\ThreatAssessment Scoring\ThreatAssessScoringV5Daily\logs\threatassess_v5daily_20260824_070003.log
[20260824 07:00:03] RUN     Connecting data share...
SHARE_OK \\cscso1fsappv01\data\HTOC
[20260824 07:00:03] CHECK   Data share OK (\\cscso1fsappv01\data\HTOC)
[20260824 07:00:03] CHECK   Python OK (C:\Program Files\Python313\python.exe)
[20260824 07:00:03] CHECK   Script OK
[20260824 07:00:04] RUN     Launching ThreatAssessScoringV5Daily.py...
 
---- script output ---- 
Loaded config — Base URL: https://hvs.threatconnect.com/api | Access ID: 09783848890162390382
ThreatConnect initialized.
Loaded 17,280 rows and 24 columns from observed indicators
Records first seen today (2026-08-24): 14
Distinct indicators from today's observed data: 14
observed_src: 2 rows x 31 cols
Loaded 4591 THREAT ACTOR rows, condensed to 1780 unique indicators
Threat actor matches: 1 indicators
Annotated incidents/events for 2 indicators; found 0 with matches.
Found 365 of 365 OpDiv files to load
Loaded 1,483,100 rows from 365 files
Mass scanner — Tier 1: 155 indicators | Tier 2: 415 indicators
Starting partner extraction pipeline...
Found 6376 indicators with partners from observation data
Processed tags for 2 indicators
Processing complete — 2 indicators
agg_df: 2 rows x 41 cols
Enriching 2 indicators (VT; Shodan for IP types only)...
Enrichment complete for 2 indicators.
obs_count merged: 2 indicators
recent_tags: 2 rows x 55 cols
Scoring complete — 2 indicators scored
Updated: 2 | Added: 0 | Total: 6409
Saved 6409 indicators to \\cscso1fsappv01\data\HTOC\Data_Analytics\Data\Threat Assessment Scores\Threat_Assessment_Scores.xlsx
Scoring history updated — 110671 total records, 6409 unique indicators
PIPELINE_OK
---- end output ---- 
 
[20260824 07:01:46] SUCCESS Script completed successfully
[20260824 07:01:46] OUTPUT  Excel confirmed - 5250 KB (fresh)
