[20260830 07:00:03] START   ThreatAssessScoringV5Daily
[20260830 07:00:03] CONFIG  Python: py -3.13
[20260830 07:00:03] CONFIG  Script: \\cscso1fsappv01\home\jaskew\HTOC\notebooks\ThreatAssessment Scoring\ThreatAssessScoringV5Daily\ThreatAssessScoringV5Daily.py
[20260830 07:00:03] CONFIG  Log:    \\cscso1fsappv01\home\jaskew\HTOC\notebooks\ThreatAssessment Scoring\ThreatAssessScoringV5Daily\logs\threatassess_v5daily_20260830_070003.log
[20260830 07:00:03] RUN     Connecting data share...
SHARE_OK \\cscso1fsappv01\data\HTOC
[20260830 07:00:03] CHECK   Data share OK (\\cscso1fsappv01\data\HTOC)
[20260830 07:00:03] CHECK   Python OK (C:\Program Files\Python313\python.exe)
[20260830 07:00:03] CHECK   Script OK
[20260830 07:00:03] RUN     Launching ThreatAssessScoringV5Daily.py...
 
---- script output ---- 
Loaded config — Base URL: https://hvs.threatconnect.com/api | Access ID: 09783848890162390382
ThreatConnect initialized.
Loaded 17,462 rows and 24 columns from observed indicators
Records first seen today (2026-08-30): 17
Distinct indicators from today's observed data: 17
observed_src: 0 rows x 31 cols
FATAL: ThreatConnect returned no HTOC Org rows for today's first-seen indicators.
---- end output ---- 
 
[20260830 07:00:07] END     Batch complete with exit 
