[20260810 07:41:26] START   ThreatAssessScoringV5Daily
[20260810 07:41:26] CONFIG  Python: py -3.13
[20260810 07:41:26] CONFIG  Script: \\cscso1fsappv01\home\jaskew\HTOC\notebooks\ThreatAssessment Scoring\ThreatAssessScoringV5Daily.py
[20260810 07:41:26] CONFIG  Log:    \\cscso1fsappv01\home\jaskew\HTOC\notebooks\ThreatAssessment Scoring\logs\threatassess_v5daily_20260810_074126.log
[20260810 07:41:26] CHECK   Verifying Python executable...
[20260810 07:41:26] CHECK   Python OK (C:\Program Files\Python313\python.exe)
[20260810 07:41:26] CHECK   Verifying script...
[20260810 07:41:26] CHECK   Script OK
[20260810 07:41:26] RUN     Launching ThreatAssessScoringV5Daily.py...
 
---- script output ---- 
\\cscso1fsappv01\home\jaskew\HTOC\notebooks\ThreatAssessment Scoring\ThreatAssessScoringV5Daily.py:6: SyntaxWarning: invalid escape sequence '\d'
  Writes: \\10.1.4.22\data\HTOC\Data_Analytics\Data\Threat Assessment Scores\Threat_Assessment_Scores.xlsx
Loaded config — Base URL: https://hvs.threatconnect.com/api | Access ID: 09783848890162390382
ThreatConnect initialized.
Loaded 16,724 rows and 24 columns from observed indicators
Records first seen today (2026-08-10): 18
Distinct indicators from today's observed data: 18
observed_src: 8 rows x 31 cols
Loaded 4542 THREAT ACTOR rows, condensed to 1767 unique indicators
Threat actor matches: 0 indicators
Annotated incidents/events for 8 indicators; found 0 with matches.
Found 365 of 365 OpDiv files to load
Loaded 1,487,461 rows from 365 files
Mass scanner — Tier 1: 62 indicators | Tier 2: 360 indicators
Starting partner extraction pipeline...
Found 6324 indicators with partners from observation data
Processed tags for 8 indicators
Processing complete — 8 indicators
agg_df: 8 rows x 42 cols
Enriching 8 indicators (VT; Shodan for IP types only)...
Enrichment complete for 8 indicators.
obs_count merged: 8 indicators
recent_tags: 8 rows x 57 cols
Scoring complete — 8 indicators scored
Updated: 8 | Added: 0 | Total: 6148
Saved 6148 indicators to \\10.1.4.22\data\HTOC\Data_Analytics\Data\Threat Assessment Scores\Threat_Assessment_Scores.xlsx
Scoring history updated — 85356 total records, 6148 unique indicators
Done.
---- end output ---- 
 
[20260810 07:42:42] SUCCESS Script completed successfully
[20260810 07:42:42] OUTPUT  Excel file confirmed - 4129 KB
[20260810 07:42:42] END     Batch complete
