[20260815 07:15:03] START   ThreatScoreIW
[20260815 07:15:03] CONFIG  Python: C:\Program Files\Python313\python.exe
[20260815 07:15:03] CONFIG  Script: \\cscso1fsappv01\home\jaskew\HTOC\notebooks\ThreatAssessment Scoring\ThreatScoreIW\ThreatScoreIW.py
[20260815 07:15:03] CONFIG  Log:    \\cscso1fsappv01\home\jaskew\HTOC\notebooks\ThreatAssessment Scoring\ThreatScoreIW\logs\threatscoreiw_20260815_071503.log
[20260815 07:15:03] CONFIG  Expect: \\10.1.4.22\data\HTOC\Data_Analytics\Data\Threat Assessment Scores\ThreatAssessI_W\ThreatAssessI_W_20260815.xlsx
[20260815 07:15:03] RUN     Installing packages...
Requirement already satisfied: pandas in c:\users\jaskew\appdata\roaming\python\python313\site-packages (2.3.0)
Requirement already satisfied: openpyxl in c:\users\jaskew\appdata\roaming\python\python313\site-packages (3.1.5)
Requirement already satisfied: xlsxwriter in c:\users\jaskew\appdata\roaming\python\python313\site-packages (3.2.5)
Requirement already satisfied: requests in c:\users\jaskew\appdata\roaming\python\python313\site-packages (2.32.4)
Requirement already satisfied: urllib3 in c:\users\jaskew\appdata\roaming\python\python313\site-packages (2.5.0)
Requirement already satisfied: pytz in c:\users\jaskew\appdata\roaming\python\python313\site-packages (2025.2)
Requirement already satisfied: numpy>=1.26.0 in c:\users\jaskew\appdata\roaming\python\python313\site-packages (from pandas) (2.3.1)
Requirement already satisfied: python-dateutil>=2.8.2 in c:\users\jaskew\appdata\roaming\python\python313\site-packages (from pandas) (2.9.0.post0)
Requirement already satisfied: tzdata>=2022.7 in c:\users\jaskew\appdata\roaming\python\python313\site-packages (from pandas) (2025.2)
Requirement already satisfied: et-xmlfile in c:\users\jaskew\appdata\roaming\python\python313\site-packages (from openpyxl) (2.0.0)
Requirement already satisfied: charset_normalizer<4,>=2 in c:\users\jaskew\appdata\roaming\python\python313\site-packages (from requests) (3.4.2)
Requirement already satisfied: idna<4,>=2.5 in c:\users\jaskew\appdata\roaming\python\python313\site-packages (from requests) (3.10)
Requirement already satisfied: certifi>=2017.4.17 in c:\users\jaskew\appdata\roaming\python\python313\site-packages (from requests) (2025.6.15)
Requirement already satisfied: six>=1.5 in c:\users\jaskew\appdata\roaming\python\python313\site-packages (from python-dateutil>=2.8.2->pandas) (1.17.0)
[20260815 07:15:06] CHECK   Packages OK
[20260815 07:15:06] RUN     Launching ThreatScoreIW.py...
[20260815 07:15:07] RUN     Script exited with code 
 
---- script output ---- 
Traceback (most recent call last):
  File "\\cscso1fsappv01\home\jaskew\HTOC\notebooks\ThreatAssessment Scoring\ThreatScoreIW\ThreatScoreIW.py", line 34, in <module>
    from ThreatConnect import ThreatConnect
ModuleNotFoundError: No module named 'ThreatConnect'
---- end output ---- 
 
[20260815 07:15:07] ERROR   Script failed with exit code 
[20260815 07:15:07] END     Batch complete with exit 
